======================================================================
FORENSIC MEASUREMENT OF executeCalculation() ON updatehexos.xlsx
======================================================================

Uploading updatehexos.xlsx via app UI...
[BROWSER] [Formula Worker] 🚀 Script starting...
[BROWSER] [Formula Worker] ✅ createUniver initialized successfully!
Waiting for import and initial sheet mount...
[BROWSER] [97;104m[FFormula][0m CalculationMode is called after the Starting lifecycle and will take effect the next time the Univer Sheet is constructed. If you want it to take effect when the Univer Sheet is initialized this time, consider calling it before the Ready lifecycle or using configuration.
Workbook mounted in 86.03s! ID: workbook-imported-1787222967747

Measuring post-mount engine state...
POST-MOUNT STATE: {
  "memAfterMountMb": 1053,
  "uiLatencyMs": 1,
  "uiResponsive": true
}

Waiting 5 seconds to monitor post-init calculation worker behavior...
POST-CALCULATION STATE: {
  "memAfterCalcMb": 1048,
  "summaryC4Val": 525,
  "unikA1Val": "rank",
  "evoucherA1Val": "id"
}

Running Acceptance Tests A-G on real file...

TESTS A-G RESULTS: {
  "testB_simple": {
    "formula": "=10+20",
    "value": null,
    "success": false
  },
  "testC_crossSheet": {
    "formula": "='Unik Konsumen'!A1",
    "value": null,
    "success": false
  },
  "testE_dependency": {
    "initial": null,
    "updated": null,
    "success": false
  }
}

MEASUREMENT COMPLETE!
